2026-08-16 13:52:28,381 [INFO] === 🤖 Uruchamianie dziennego Agenta TikTok ===
2026-08-16 13:52:36,994 [INFO] Wybrany temat na dziś: 'Tajemnica zniknięcia załogi statku Mary Celeste'
2026-08-16 13:52:36,999 [INFO] === Starting Video Generation Pipeline for Topic: 'Tajemnica zniknięcia załogi statku Mary Celeste' [video_58f6bc21] ===
2026-08-16 13:52:36,999 [INFO] Step 1: Generating high-retention viral script...
2026-08-16 13:52:37,000 [INFO] Step 2: Generating natural TTS voiceover with word-level timestamps...
2026-08-16 13:52:46,339 [INFO] Generated TTS audio: /Users/antoniborawski/repos/tiktok--ai-video-generator/temp/video_58f6bc21/voice.mp3 (Duration: 23.21s, Words: 51)
2026-08-16 13:52:46,340 [INFO] Step 3: Creating dynamic word-by-word karaoke subtitles...
2026-08-16 13:52:46,760 [INFO] Generated 52 dynamic subtitle frames in: /Users/antoniborawski/repos/tiktok--ai-video-generator/temp/video_58f6bc21/subtitles/subtitles_concat.txt
2026-08-16 13:52:46,760 [INFO] Step 4: Generating visual assets for 5 scenes...
2026-08-16 13:52:46,777 [INFO] Created fallback visual for scene 1: /Users/antoniborawski/repos/tiktok--ai-video-generator/temp/video_58f6bc21/scene_1.jpg
2026-08-16 13:52:48,104 [INFO] Created fallback visual for scene 2: /Users/antoniborawski/repos/tiktok--ai-video-generator/temp/video_58f6bc21/scene_2.jpg
2026-08-16 13:52:49,592 [INFO] Created fallback visual for scene 3: /Users/antoniborawski/repos/tiktok--ai-video-generator/temp/video_58f6bc21/scene_3.jpg
2026-08-16 13:52:51,350 [INFO] Created fallback visual for scene 4: /Users/antoniborawski/repos/tiktok--ai-video-generator/temp/video_58f6bc21/scene_4.jpg
2026-08-16 13:52:52,541 [INFO] Created fallback visual for scene 5: /Users/antoniborawski/repos/tiktok--ai-video-generator/temp/video_58f6bc21/scene_5.jpg
2026-08-16 13:52:54,095 [INFO] Step 5: Synthesizing background ambience and SFX...
2026-08-16 13:52:54,764 [INFO] Step 6: Assembling final anti-shadowban video with FFmpeg...
2026-08-16 13:52:54,766 [INFO] Rendering final anti-shadowban video to: /Users/antoniborawski/repos/tiktok--ai-video-generator/output/video_58f6bc21.mp4
2026-08-16 13:53:14,651 [INFO] === Video Generated Successfully: /Users/antoniborawski/repos/tiktok--ai-video-generator/output/video_58f6bc21.mp4 ===
2026-08-16 13:53:14,652 [INFO] Wideo wygenerowane pomyślnie: /Users/antoniborawski/repos/tiktok--ai-video-generator/output/video_58f6bc21.mp4 (czas: 23.21s)
2026-08-16 13:53:16,637 [INFO] Navigating to TikTok Creator Center Upload page...
2026-08-16 13:53:20,727 [INFO] Selecting video file: video_58f6bc21.mp4
2026-08-16 13:53:40,778 [INFO] File uploaded to input. Waiting for video processing...
2026-08-16 13:53:47,357 [INFO] Entering caption and hashtags...
2026-08-16 13:54:17,380 [ERROR] Error during TikTok upload: ElementHandle.click: Timeout 30000ms exceeded.
Call log:
  - attempting click action
    2 × waiting for element to be visible, enabled and stable
      - element is visible, enabled and stable
      - scrolling into view if needed
      - done scrolling
      - <span class="TUXText TUXText--tiktok-sans">Automatycznie sprawdzimy Twój film pod kątem praw…</span> from <div id=":r6k:" data-floating-ui-portal="">…</div> subtree intercepts pointer events
    - retrying click action
    - waiting 20ms
    - waiting for element to be visible, enabled and stable
    - element is visible, enabled and stable
    - scrolling into view if needed
    - done scrolling
    - <span class="TUXText TUXText--tiktok-sans">Automatycznie sprawdzimy Twój film pod kątem praw…</span> from <div id=":r6k:" data-floating-ui-portal="">…</div> subtree intercepts pointer events
  2 × retrying click action
      - waiting 100ms
      - waiting for element to be visible, enabled and stable
      - element is visible, enabled and stable
      - scrolling into view if needed
      - done scrolling
      - <div dir="ltr" class="TUXModal-overlay" data-transition-status="open" data-tux-color-scheme="light">…</div> from <div id=":r6k:" data-floating-ui-portal="">…</div> subtree intercepts pointer events
  13 × retrying click action
       - waiting 500ms
       - waiting for element to be visible, enabled and stable
       - element is visible, enabled and stable
       - scrolling into view if needed
       - done scrolling
       - <span class="TUXText TUXText--tiktok-sans">Automatycznie sprawdzimy Twój film pod kątem praw…</span> from <div id=":r6k:" data-floating-ui-portal="">…</div> subtree intercepts pointer events
     - retrying click action
       - waiting 500ms
       - waiting for element to be visible, enabled and stable
       - element is visible, enabled and stable
       - scrolling into view if needed
       - done scrolling
       - <span class="TUXText TUXText--tiktok-sans">Automatycznie sprawdzimy Twój film pod kątem praw…</span> from <div id=":r6k:" data-floating-ui-portal="">…</div> subtree intercepts pointer events
     - retrying click action
       - waiting 500ms
       - waiting for element to be visible, enabled and stable
       - element is visible, enabled and stable
       - scrolling into view if needed
       - done scrolling
       - <div dir="ltr" class="TUXModal-overlay" data-transition-status="open" data-tux-color-scheme="light">…</div> from <div id=":r6k:" data-floating-ui-portal="">…</div> subtree intercepts pointer events
     - retrying click action
       - waiting 500ms
       - waiting for element to be visible, enabled and stable
       - element is visible, enabled and stable
       - scrolling into view if needed
       - done scrolling
       - <div dir="ltr" class="TUXModal-overlay" data-transition-status="open" data-tux-color-scheme="light">…</div> from <div id=":r6k:" data-floating-ui-portal="">…</div> subtree intercepts pointer events
  2 × retrying click action
      - waiting 500ms
      - waiting for element to be visible, enabled and stable
      - element is visible, enabled and stable
      - scrolling into view if needed
      - done scrolling
      - <span class="TUXText TUXText--tiktok-sans">Automatycznie sprawdzimy Twój film pod kątem praw…</span> from <div id=":r6k:" data-floating-ui-portal="">…</div> subtree intercepts pointer events
  - retrying click action
    - waiting 500ms
    - waiting for element to be visible, enabled and stable
    - element is visible, enabled and stable
    - scrolling into view if needed
    - done scrolling
    - <div dir="ltr" class="TUXModal-overlay" data-transition-status="open" data-tux-color-scheme="light">…</div> from <div id=":r6k:" data-floating-ui-portal="">…</div> subtree intercepts pointer events
  - retrying click action
    - waiting 500ms

2026-08-16 13:54:17,860 [ERROR] ⚠️ Nie udało się opublikować wideo dla tematu 'Tajemnica zniknięcia załogi statku Mary Celeste'.
2026-08-16 13:54:40,672 [INFO] === 🤖 Uruchamianie dziennego Agenta TikTok ===
2026-08-16 13:54:47,981 [INFO] Wybrany temat na dziś: 'Tajemnica zniknięcia załogi statku Mary Celeste'
2026-08-16 13:54:47,983 [INFO] === Starting Video Generation Pipeline for Topic: 'Tajemnica zniknięcia załogi statku Mary Celeste' [video_7d061a85] ===
2026-08-16 13:54:47,984 [INFO] Step 1: Generating high-retention viral script...
2026-08-16 13:54:47,984 [INFO] Step 2: Generating natural TTS voiceover with word-level timestamps...
2026-08-16 13:54:48,687 [INFO] Generated TTS audio: /Users/antoniborawski/repos/tiktok--ai-video-generator/temp/video_7d061a85/voice.mp3 (Duration: 23.21s, Words: 51)
2026-08-16 13:54:48,689 [INFO] Step 3: Creating dynamic word-by-word karaoke subtitles...
2026-08-16 13:54:49,317 [INFO] Generated 52 dynamic subtitle frames in: /Users/antoniborawski/repos/tiktok--ai-video-generator/temp/video_7d061a85/subtitles/subtitles_concat.txt
2026-08-16 13:54:49,317 [INFO] Step 4: Generating visual assets for 5 scenes...
2026-08-16 13:54:49,337 [INFO] Created fallback visual for scene 1: /Users/antoniborawski/repos/tiktok--ai-video-generator/temp/video_7d061a85/scene_1.jpg
2026-08-16 13:54:52,123 [INFO] Created fallback visual for scene 2: /Users/antoniborawski/repos/tiktok--ai-video-generator/temp/video_7d061a85/scene_2.jpg
2026-08-16 13:54:54,213 [INFO] Created fallback visual for scene 3: /Users/antoniborawski/repos/tiktok--ai-video-generator/temp/video_7d061a85/scene_3.jpg
2026-08-16 13:54:57,224 [INFO] Created fallback visual for scene 4: /Users/antoniborawski/repos/tiktok--ai-video-generator/temp/video_7d061a85/scene_4.jpg
2026-08-16 13:54:59,065 [INFO] Created fallback visual for scene 5: /Users/antoniborawski/repos/tiktok--ai-video-generator/temp/video_7d061a85/scene_5.jpg
2026-08-16 13:55:00,801 [INFO] Step 5: Synthesizing background ambience and SFX...
2026-08-16 13:55:01,533 [INFO] Step 6: Assembling final anti-shadowban video with FFmpeg...
2026-08-16 13:55:01,534 [INFO] Rendering final anti-shadowban video to: /Users/antoniborawski/repos/tiktok--ai-video-generator/output/video_7d061a85.mp4
2026-08-16 13:55:24,847 [INFO] === Video Generated Successfully: /Users/antoniborawski/repos/tiktok--ai-video-generator/output/video_7d061a85.mp4 ===
2026-08-16 13:55:24,847 [INFO] Wideo wygenerowane pomyślnie: /Users/antoniborawski/repos/tiktok--ai-video-generator/output/video_7d061a85.mp4 (czas: 23.21s)
2026-08-16 13:55:27,072 [INFO] Navigating to TikTok Creator Center Upload page...
2026-08-16 13:55:31,588 [INFO] Selecting video file: video_7d061a85.mp4
2026-08-16 13:55:51,654 [INFO] File uploaded to input. Waiting for video processing...
2026-08-16 13:55:56,839 [INFO] Entering caption and hashtags...
2026-08-16 13:56:13,643 [INFO] Clicking Post / Publish button...
2026-08-16 13:56:13,789 [INFO] Clicked Post button!
2026-08-16 13:56:21,187 [INFO] TikTok upload sequence finished successfully!
2026-08-16 13:56:22,218 [INFO] 🎉 Codzienne wideo dla tematu 'Tajemnica zniknięcia załogi statku Mary Celeste' zostało opublikowane i zapisane w historii!
2026-08-16 14:36:33,207 [INFO] === 🤖 Starting TikTok Daily Autonomous Agent ===
2026-08-16 14:36:39,455 [INFO] Selected English topic for today: 'The Bizarre Mystery of the Dyatlov Pass Incident'
2026-08-16 14:36:39,458 [INFO] === Starting Video Generation Pipeline for Topic: 'The Bizarre Mystery of the Dyatlov Pass Incident' [video_b21ef39c] ===
2026-08-16 14:36:39,459 [INFO] Step 1: Generating high-retention viral script...
2026-08-16 14:36:39,460 [INFO] Step 2: Generating natural TTS voiceover with word-level timestamps...
2026-08-16 14:36:42,283 [INFO] Generated TTS audio: /Users/antoniborawski/repos/tiktok--ai-video-generator/temp/video_b21ef39c/voice.mp3 (Duration: 18.67s, Words: 46)
2026-08-16 14:36:42,284 [INFO] Step 3: Creating dynamic word-by-word karaoke subtitles...
2026-08-16 14:36:42,557 [INFO] Generated 47 dynamic subtitle frames in: /Users/antoniborawski/repos/tiktok--ai-video-generator/temp/video_b21ef39c/subtitles/subtitles_concat.txt
2026-08-16 14:36:42,557 [INFO] Step 4: Generating visual assets for 4 scenes...
2026-08-16 14:36:42,569 [INFO] Created fallback visual for scene 1: /Users/antoniborawski/repos/tiktok--ai-video-generator/temp/video_b21ef39c/scene_1.jpg
2026-08-16 14:36:43,622 [INFO] Created fallback visual for scene 2: /Users/antoniborawski/repos/tiktok--ai-video-generator/temp/video_b21ef39c/scene_2.jpg
2026-08-16 14:36:44,972 [INFO] Created fallback visual for scene 3: /Users/antoniborawski/repos/tiktok--ai-video-generator/temp/video_b21ef39c/scene_3.jpg
2026-08-16 14:36:46,637 [INFO] Created fallback visual for scene 4: /Users/antoniborawski/repos/tiktok--ai-video-generator/temp/video_b21ef39c/scene_4.jpg
2026-08-16 14:36:47,921 [INFO] Step 5: Synthesizing background ambience and SFX...
2026-08-16 14:36:48,471 [INFO] Step 6: Assembling final anti-shadowban video with FFmpeg...
2026-08-16 14:36:48,471 [INFO] Rendering final anti-shadowban video to: /Users/antoniborawski/repos/tiktok--ai-video-generator/output/video_b21ef39c.mp4
2026-08-16 14:37:01,884 [INFO] === Video Generated Successfully: /Users/antoniborawski/repos/tiktok--ai-video-generator/output/video_b21ef39c.mp4 ===
2026-08-16 14:37:01,884 [INFO] Video generated successfully: /Users/antoniborawski/repos/tiktok--ai-video-generator/output/video_b21ef39c.mp4 (duration: 18.67s)
2026-08-16 14:37:03,271 [INFO] Navigating to TikTok Creator Center Upload page...
2026-08-16 14:37:06,887 [INFO] Selecting video file: video_b21ef39c.mp4
2026-08-16 14:37:26,929 [INFO] File uploaded to input. Waiting for video processing...
2026-08-16 14:37:32,941 [INFO] Entering caption and hashtags...
2026-08-16 14:37:48,151 [INFO] Clicking Post / Publish button...
2026-08-16 14:37:48,267 [INFO] Clicked Post button!
2026-08-16 14:37:53,767 [INFO] TikTok upload sequence finished successfully!
2026-08-16 14:37:54,035 [INFO] 🎉 Daily video for topic 'The Bizarre Mystery of the Dyatlov Pass Incident' published to TikTok and recorded in history!
2026-08-16 18:03:57,561 [INFO] === 🤖 Starting TikTok Autonomous 4x Daily Agent ===
2026-08-16 18:04:05,090 [INFO] Selected English topic for today's slot: 'Why No One Is Allowed Inside China's First Emperor Tomb'
2026-08-16 18:04:05,094 [INFO] === Starting Video Generation Pipeline for Topic: 'Why No One Is Allowed Inside China's First Emperor Tomb' [video_4beab21d] ===
2026-08-16 18:04:05,094 [INFO] Step 1: Generating high-retention viral script...
2026-08-16 18:04:05,094 [INFO] Using curated factual storytelling script for 'Why No One Is Allowed Inside China's First Emperor Tomb'
2026-08-16 18:04:05,095 [INFO] Step 2: Generating natural TTS voiceover with word-level timestamps...
2026-08-16 18:04:06,345 [INFO] Generated TTS audio: /Users/antoniborawski/repos/tiktok--ai-video-generator/temp/video_4beab21d/voice.mp3 (Duration: 36.02s, Words: 90)
2026-08-16 18:04:06,345 [INFO] Step 3: Creating dynamic word-by-word karaoke subtitles...
2026-08-16 18:04:07,111 [INFO] Generated 87 synchronized subtitle frames (outro clear enabled) in: /Users/antoniborawski/repos/tiktok--ai-video-generator/temp/video_4beab21d/subtitles/subtitles_concat.txt
2026-08-16 18:04:07,111 [INFO] Step 4: Checking for authentic entity photos & visual overlays...
2026-08-16 18:04:10,236 [INFO] Step 5: Generating TikTok Like Heart Outro animation...
2026-08-16 18:04:12,442 [INFO] Step 6: Synthesizing background ambience and SFX...
2026-08-16 18:04:13,843 [INFO] Step 7: Assembling final video with Heart Outro & FFmpeg...
2026-08-16 18:04:13,845 [INFO] Using viral gameplay background: subway_surfers_ldDJr3aggEE_03.mp4
2026-08-16 18:04:13,846 [INFO] Rendering final video with TikTok like outro to: /Users/antoniborawski/repos/tiktok--ai-video-generator/output/video_4beab21d.mp4
2026-08-16 18:04:33,830 [INFO] === Video Generated Successfully: /Users/antoniborawski/repos/tiktok--ai-video-generator/output/video_4beab21d.mp4 ===
2026-08-16 18:04:33,831 [INFO] Video generated successfully: /Users/antoniborawski/repos/tiktok--ai-video-generator/output/video_4beab21d.mp4 (duration: 36.02s)
2026-08-16 18:04:35,123 [INFO] Navigating to TikTok Studio Upload page...
2026-08-16 18:04:39,438 [INFO] Selecting video file: video_4beab21d.mp4
2026-08-16 18:04:59,441 [ERROR] Error during TikTok upload: Page.wait_for_selector: Timeout 20000ms exceeded.
Call log:
  - waiting for locator("input[type=\"file\"]") to be visible
    7 × locator resolved to hidden <input type="file" accept="video/*" class="jsx-2094875959"/>

2026-08-16 18:04:59,685 [WARNING] ⚠️ Video generated and saved, but upload was not confirmed for: 'Why No One Is Allowed Inside China's First Emperor Tomb'
2026-08-16 18:05:21,836 [INFO] === 🤖 Starting TikTok Autonomous 4x Daily Agent ===
2026-08-16 18:05:28,017 [INFO] Selected English topic for today's slot: 'The Terrifying Bloop Sound Recorded in the Deep Ocean'
2026-08-16 18:05:28,019 [INFO] === Starting Video Generation Pipeline for Topic: 'The Terrifying Bloop Sound Recorded in the Deep Ocean' [video_b689776b] ===
2026-08-16 18:05:28,019 [INFO] Step 1: Generating high-retention viral script...
2026-08-16 18:05:28,019 [INFO] Using curated factual storytelling script for 'The Terrifying Bloop Sound Recorded in the Deep Ocean'
2026-08-16 18:05:28,019 [INFO] Step 2: Generating natural TTS voiceover with word-level timestamps...
2026-08-16 18:05:37,637 [INFO] Generated TTS audio: /Users/antoniborawski/repos/tiktok--ai-video-generator/temp/video_b689776b/voice.mp3 (Duration: 34.82s, Words: 94)
2026-08-16 18:05:37,638 [INFO] Step 3: Creating dynamic word-by-word karaoke subtitles...
2026-08-16 18:05:38,148 [INFO] Generated 89 synchronized subtitle frames (outro clear enabled) in: /Users/antoniborawski/repos/tiktok--ai-video-generator/temp/video_b689776b/subtitles/subtitles_concat.txt
2026-08-16 18:05:38,148 [INFO] Step 4: Checking for authentic entity photos & visual overlays...
2026-08-16 18:05:39,719 [INFO] Step 5: Generating TikTok Like Heart Outro animation...
2026-08-16 18:05:41,560 [INFO] Step 6: Synthesizing background ambience and SFX...
2026-08-16 18:05:42,657 [INFO] Step 7: Assembling final video with Heart Outro & FFmpeg...
2026-08-16 18:05:42,657 [INFO] Using viral gameplay background: csgosurf_KYqob2oKN3I_05.mp4
2026-08-16 18:05:42,657 [INFO] Rendering final video with TikTok like outro to: /Users/antoniborawski/repos/tiktok--ai-video-generator/output/video_b689776b.mp4
2026-08-16 18:06:05,486 [INFO] === Video Generated Successfully: /Users/antoniborawski/repos/tiktok--ai-video-generator/output/video_b689776b.mp4 ===
2026-08-16 18:06:05,487 [INFO] Video generated successfully: /Users/antoniborawski/repos/tiktok--ai-video-generator/output/video_b689776b.mp4 (duration: 34.82s)
2026-08-16 18:06:06,920 [INFO] Navigating to TikTok Studio Upload page...
2026-08-16 18:06:12,334 [INFO] Selecting video file: video_b689776b.mp4
2026-08-16 18:06:12,386 [INFO] File uploaded to input. Waiting for video processing to complete...
2026-08-16 18:06:13,649 [INFO] Video upload & processing confirmed ready by TikTok Studio.
2026-08-16 18:06:13,649 [INFO] Entering caption and hashtags...
2026-08-16 18:06:28,648 [INFO] Clicking exact Post / Publish button...
2026-08-16 18:06:28,729 [INFO] Clicked Post button via selector 'button:has-text("Post")'!
2026-08-16 18:06:28,729 [INFO] Waiting for TikTok Studio to process and confirm publication...
2026-08-16 18:06:51,247 [INFO] TikTok upload sequence finished successfully!
2026-08-16 18:06:51,567 [INFO] 🎉 Successfully published video #4 to TikTok: 'The Terrifying Bloop Sound Recorded in the Deep Ocean'
