2026-08-16 19:00:05,486 [INFO] === 🤖 Starting TikTok Autonomous 4x Daily Agent ===
2026-08-16 19:00:12,417 [INFO] Selected English topic for today's slot: 'What Is Hidden Deep Under the Ice of Antarctica'
2026-08-16 19:00:12,423 [INFO] === Starting Video Generation Pipeline for Topic: 'What Is Hidden Deep Under the Ice of Antarctica' [video_6f894f51] ===
2026-08-16 19:00:12,423 [INFO] Step 1: Generating high-retention viral script...
2026-08-16 19:00:12,423 [INFO] Using curated factual storytelling script for 'What Is Hidden Deep Under the Ice of Antarctica'
2026-08-16 19:00:12,426 [INFO] Step 2: Generating natural TTS voiceover with word-level timestamps...
2026-08-16 19:00:13,406 [INFO] Generated TTS audio: /Users/antoniborawski/repos/tiktok--ai-video-generator/temp/video_6f894f51/voice.mp3 (Duration: 40.99s, Words: 103)
2026-08-16 19:00:13,408 [INFO] Step 3: Creating dynamic word-by-word karaoke subtitles...
2026-08-16 19:00:14,592 [INFO] Generated 101 synchronized subtitle frames (outro clear enabled) in: /Users/antoniborawski/repos/tiktok--ai-video-generator/temp/video_6f894f51/subtitles/subtitles_concat.txt
2026-08-16 19:00:14,593 [INFO] Step 4: Checking for authentic entity photos & visual overlays...
2026-08-16 19:00:17,488 [INFO] Step 5: Generating TikTok Like Heart Outro animation...
2026-08-16 19:00:21,170 [INFO] Step 6: Synthesizing background ambience and SFX...
2026-08-16 19:00:23,496 [INFO] Step 7: Assembling final video with Heart Outro & FFmpeg...
2026-08-16 19:00:23,500 [INFO] Using viral gameplay background: subway_surfers_ldDJr3aggEE_02.mp4
2026-08-16 19:00:23,578 [INFO] Rendering final video with TikTok like outro to: /Users/antoniborawski/repos/tiktok--ai-video-generator/output/video_6f894f51.mp4
2026-08-16 19:01:57,952 [INFO] === Video Generated Successfully: /Users/antoniborawski/repos/tiktok--ai-video-generator/output/video_6f894f51.mp4 ===
2026-08-16 19:01:57,954 [INFO] Video generated successfully: /Users/antoniborawski/repos/tiktok--ai-video-generator/output/video_6f894f51.mp4 (duration: 40.99s)
2026-08-16 19:01:59,998 [INFO] Navigating to TikTok Studio Upload page...
2026-08-16 19:02:05,257 [INFO] Selecting video file: video_6f894f51.mp4
2026-08-16 19:02:05,325 [INFO] File uploaded to input. Waiting for video processing to complete...
2026-08-16 19:02:06,934 [INFO] Video upload & processing confirmed ready by TikTok Studio.
2026-08-16 19:02:06,934 [INFO] Entering caption and hashtags...
2026-08-16 19:02:25,063 [INFO] Waiting for TikTok Studio to finish transcoding and enable Post button (monitoring aria-disabled)...
2026-08-16 19:03:25,306 [INFO] Post button is fully enabled and ready after 60s!
2026-08-16 19:03:25,307 [INFO] Clicking confirmed Post / Publish button...
2026-08-16 19:03:25,492 [INFO] Waiting for TikTok Studio to process and confirm publication...
2026-08-16 19:03:27,534 [INFO] Upload confirmed by TikTok Studio success state!
2026-08-16 19:03:27,534 [INFO] TikTok upload sequence finished successfully!
2026-08-16 19:03:27,862 [INFO] 🎉 Successfully published video #6 to TikTok: 'What Is Hidden Deep Under the Ice of Antarctica'
